// Jest Snapshot v1, https://goo.gl/fbAQLP

exports[`example: 天王盖地虎 1`] = `
Array [
  "宝塔镇河妖",
]
`;
